<?xml version="1.0" encoding="utf-8"?><testsuites><testsuite name="pytest" errors="0" failures="0" skipped="0" tests="10" time="0.092" timestamp="2025-03-11T02:45:51.515391-04:00" hostname="Affans-MacBook-Air.local"><testcase classname="src.calculator_impl.src.tests.test_calculator" name="test_add" time="0.000" /><testcase classname="src.calculator_impl.src.tests.test_calculator" name="test_subtract" time="0.000" /><testcase classname="src.calculator_impl.src.tests.test_calculator" name="test_multiply" time="0.000" /><testcase classname="src.calculator_impl.src.tests.test_calculator" name="test_divison" time="0.000" /><testcase classname="src.logger_impl.src.tests.test_logger" name="test_log" time="0.001" /><testcase classname="src.logger_impl.src.tests.test_logger" name="test_log_threshold_exceeded" time="0.002" /><testcase classname="src.notifier_impl.src.tests.test_notifier" name="test_notify" time="0.001" /><testcase classname="tests.e2e.test_full_workflow" name="test_full_workflow" time="0.001" /><testcase classname="tests.integration.test_calculator_logger" name="test_calculator_logs_operation" time="0.003" /><testcase classname="tests.integration.test_logger_notifier" name="test_logger_triggers_notification" time="0.001" /></testsuite></testsuites>